Microchip MPLAB XC8 Compiler V2.40

Linker command line:

-W-3 \
  --edf=C:\Program Files\Microchip\xc8\v2.40\pic\dat\20220703182018_en.msgs \
  -cn \
  -h+dist/default/production\PIC10F322_LED_Dimmer_With_Deep_Sleep.X.production.sym \
  --cmf=dist/default/production\PIC10F322_LED_Dimmer_With_Deep_Sleep.X.production.cmf \
  -z -Q10F322 -oC:\Users\farid\AppData\Local\Temp\xcAse94.4 \
  --defsym=__MPLAB_BUILD=1 --fixupoverflow=error \
  -Mdist/default/production/PIC10F322_LED_Dimmer_With_Deep_Sleep.X.production.map \
  --md=C:\Users\farid\AppData\Local\Temp\xcAse94.dat -E1 -ver=XC8 Compiler \
  --acfsm=1493 -ACODE=00h-01FFh -ASTRCODE=00h-01FFh -ASTRING=00h-0FFhx2 \
  -ACONST=00h-0FFhx2 -AENTRY=00h-0FFhx2 -ABANK0=040h-07Dh -ARAM=040h-07Dh \
  -AABS1=040h-07Fh -ACOMMON=07Eh-07Fh -ASFR0=00h-03Fh \
  -ACONFIG=02007h-02007h -DCONFIG=2 -AIDLOC=02000h-02003h -DIDLOC=2 \
  -DCODE=2 -DSTRCODE=2 -DSTRING=2 -DCONST=2 -DENTRY=2 \
  -preset_vec=00h,intentry=04h,init,end_init -ppowerup=CODE -pcinit=CODE \
  -pfunctab=ENTRY -k C:\Users\farid\AppData\Local\Temp\xcAse94.o \
  dist/default/production\PIC10F322_LED_Dimmer_With_Deep_Sleep.X.production.o 

Object code version is 3.11

Machine type is 10F322



                Name                               Link     Load   Length Selector   Space Scale
C:\Users\farid\AppData\Local\Temp\xcAse94.o
                end_init                              A        A        1        8       0
                reset_vec                             0        0        1        0       0
                config                             2007     2007        1        0       4
dist/default/production\PIC10F322_LED_Dimmer_With_Deep_Sleep.X.production.o
                cinit                                 B        B        3        8       0
                intentry                              4        4        6        8       0
                config                             2007     2007        1        0       4
                text20                               E2       E2        D        8       0
                text19                                E        E       2C        8       0
                text18                              105      105        8        8       0
                text17                              137      137        2        8       0
                text16                               80       80       21        8       0
                text15                               5F       5F       21        8       0
                text14                               C0       C0       15        8       0
                text13                              135      135        2        8       0
                text12                               A1       A1       1F        8       0
                text11                              11B      11B        7        8       0
                text10                              114      114        7        8       0
                text9                               10D      10D        7        8       0
                text8                               12C      12C        5        8       0
                text7                               133      133        2        8       0
                text6                               127      127        5        8       0
                text5                               122      122        5        8       0
                text4                               131      131        2        8       0
                text3                                FA       FA        B        8       0
                text2                                D5       D5        D        8       0
                text1                                EF       EF        B        8       0
                maintext                             3A       3A       25        8       0
                cstackBANK0                          40       40        D       40       1
                bssBANK0                             4D       4D        1       40       1

TOTAL           Name                               Link     Load   Length     Space
        CLASS   CODE           
                end_init                              A        A        1         0
                cinit                                 B        B        3         0
                intentry                              4        4        6         0
                reset_vec                             0        0        1         0
                text20                               E2       E2        D         0
                text19                                E        E       2C         0
                text18                              105      105        8         0
                text17                              137      137        2         0
                text16                               80       80       21         0
                text15                               5F       5F       21         0
                text14                               C0       C0       15         0
                text13                              135      135        2         0
                text12                               A1       A1       1F         0
                text11                              11B      11B        7         0
                text10                              114      114        7         0
                text9                               10D      10D        7         0
                text8                               12C      12C        5         0
                text7                               133      133        2         0
                text6                               127      127        5         0
                text5                               122      122        5         0
                text4                               131      131        2         0
                text3                                FA       FA        B         0
                text2                                D5       D5        D         0
                text1                                EF       EF        B         0
                maintext                             3A       3A       25         0

        CLASS   STRCODE        

        CLASS   STRING         

        CLASS   CONST          

        CLASS   ENTRY          

        CLASS   BANK0          
                cstackBANK0                          40       40        D         1
                bssBANK0                             4D       4D        1         1

        CLASS   RAM            

        CLASS   ABS1           
                abs_s1                               7E       7E        2         1

        CLASS   COMMON         

        CLASS   SFR0           

        CLASS   CONFIG         
                config                             2007     2007        1         4

        CLASS   IDLOC          

        CLASS   STACK          

        CLASS   EEDATA         



SEGMENTS        Name                           Load    Length   Top    Selector   Space  Class     Delta

                reset_vec                      000000  000001  000001         0       0  CODE        2
                intentry                       000004  000135  000139         8       0  CODE        2
                cstackBANK0                    000040  00000E  00004E        40       1  BANK0       1


UNUSED ADDRESS RANGES

        Name                Unused          Largest block    Delta
        BANK0            004E-007D             30           1
        CODE             0001-0003              3           2
                         0139-01FF             C7
        CONST            0001-0003              3           2
                         0139-01FF             C7
        ENTRY            0001-0003              3           2
                         0139-01FF             C7
        IDLOC            2000-2003              4           2
        RAM              004E-007D             30           1
        SFR0             0000-003F             40           1
        STRCODE          0001-0003              3           2
                         0139-01FF             C7
        STRING           0001-0003              3           2
                         0139-01FF             C7

                                  Symbol Table

Button_ISR_Executables@i                                  cstackBANK0  0042
Button_Interrupt_Fired@status                             cstackBANK0  0040
PWM_Set_Duty@duty                                         cstackBANK0  0046
PWM_Set_Duty@temp                                         cstackBANK0  004A
_ADCON                                                    (abs)        001F
_ANSELA                                                   (abs)        0008
_Button_Get_State                                         text17       0137
_Button_ISR_Executables                                   text19       000E
_Button_Init                                              text16       0080
_Button_Interrupt_Fired                                   text20       00E2
_Button_State                                             bssBANK0     004D
_CLKRCON                                                  (abs)        0026
_FVRCON                                                   (abs)        001D
_INTCON                                                   (abs)        000B
_IOCAF                                                    (abs)        001C
_IOCAN                                                    (abs)        001B
_ISRs                                                     text18       0105
_LATA                                                     (abs)        0007
_OPTION_REG                                               (abs)        000E
_OSCCON                                                   (abs)        0010
_PIR1                                                     (abs)        000C
_PR2                                                      (abs)        0012
_PWM2CON                                                  (abs)        0019
_PWM2DCH                                                  (abs)        0018
_PWM2DCL                                                  (abs)        0017
_PWM_Disable                                              text14       00C0
_PWM_Enable                                               text12       00A1
_PWM_Off                                                  text13       0135
_PWM_On_100_Percent_Duty_Cycle                            text11       011B
_PWM_On_20_Percent_Duty_Cycle                             text10       0114
_PWM_On_50_Percent_Duty_Cycle                             text9        010D
_PWM_Set_Duty                                             text15       005F
_Sleep_Disable_ADC                                        text8        012C
_Sleep_Disable_FVR                                        text7        0133
_Sleep_Disable_Reference_Clock_Output                     text6        0127
_Sleep_Disable_Watchdog                                   text5        0122
_Sleep_Enable_Voltage_Regulator_In_Low_Power_Mode         text4        0131
_Sleep_Init                                               text1        00EF
_Sleep_Select_Internal_8MHz_Oscillator                    text3        00FA
_Sleep_Unused_GPIO_Config                                 text2        00D5
_T2CON                                                    (abs)        0013
_TRISA                                                    (abs)        0006
_VREGCON                                                  (abs)        003E
_WDTCON                                                   (abs)        0030
_WPUA                                                     (abs)        0009
__Habs1                                                   abs1         0000
__Hbank0                                                  bank0        0000
__HbssBANK0                                               bssBANK0     0000
__Hcinit                                                  cinit        000E
__Hclrtext                                                clrtext      0000
__Hcode                                                   code         0000
__Hcommon                                                 common       0000
__Hconfig                                                 config       2008
__HcstackBANK0                                            cstackBANK0  0000
__HcstackCOMMON                                           cstackCOMMON 0000
__Heeprom_data                                            eeprom_data  0000
__Hend_init                                               end_init     000B
__Hfunctab                                                functab      0000
__Hinit                                                   init         000A
__Hintentry                                               intentry     000A
__Hmaintext                                               maintext     0000
__Hpowerup                                                powerup      0000
__Hram                                                    ram          0000
__Hreset_vec                                              reset_vec    0001
__Hsfr0                                                   sfr0         0000
__Hspace_0                                                (abs)        0139
__Hspace_1                                                (abs)        004E
__Hspace_2                                                (abs)        0000
__Hspace_3                                                (abs)        0000
__Hspace_4                                                (abs)        400F
__Hstack                                                  stack        0000
__Hstrings                                                strings      0000
__Htext                                                   text         0000
__Labs1                                                   abs1         0000
__Lbank0                                                  bank0        0000
__LbssBANK0                                               bssBANK0     0000
__Lcinit                                                  cinit        000B
__Lclrtext                                                clrtext      0000
__Lcode                                                   code         0000
__Lcommon                                                 common       0000
__Lconfig                                                 config       0000
__LcstackBANK0                                            cstackBANK0  0000
__LcstackCOMMON                                           cstackCOMMON 0000
__Leeprom_data                                            eeprom_data  0000
__Lend_init                                               end_init     000A
__Lfunctab                                                functab      0000
__Linit                                                   init         000A
__Lintentry                                               intentry     0004
__Lmaintext                                               maintext     0000
__Lpowerup                                                powerup      0000
__Lram                                                    ram          0000
__Lreset_vec                                              reset_vec    0000
__Lsfr0                                                   sfr0         0000
__Lspace_0                                                (abs)        0000
__Lspace_1                                                (abs)        0000
__Lspace_2                                                (abs)        0000
__Lspace_3                                                (abs)        0000
__Lspace_4                                                (abs)        0000
__Lstack                                                  stack        0000
__Lstrings                                                strings      0000
__Ltext                                                   text         0000
__S0                                                      (abs)        0139
__S1                                                      (abs)        004E
___int_sp                                                 stack        0000
___latbits                                                (abs)        0000
___sp                                                     stack        0000
___stackhi                                                (abs)        0000
___stacklo                                                (abs)        0000
__end_of_Button_Get_State                                 text17       0139
__end_of_Button_ISR_Executables                           text19       003A
__end_of_Button_Init                                      text16       00A1
__end_of_Button_Interrupt_Fired                           text20       00EF
__end_of_ISRs                                             text18       010D
__end_of_PWM_Disable                                      text14       00D5
__end_of_PWM_Enable                                       text12       00C0
__end_of_PWM_Off                                          text13       0137
__end_of_PWM_On_100_Percent_Duty_Cycle                    text11       0122
__end_of_PWM_On_20_Percent_Duty_Cycle                     text10       011B
__end_of_PWM_On_50_Percent_Duty_Cycle                     text9        0114
__end_of_PWM_Set_Duty                                     text15       0080
__end_of_Sleep_Disable_ADC                                text8        0131
__end_of_Sleep_Disable_FVR                                text7        0135
__end_of_Sleep_Disable_Reference_Clock_Output             text6        012C
__end_of_Sleep_Disable_Watchdog                           text5        0127
__end_of_Sleep_Enable_Voltage_Regulator_In_Low_Power_Mode text4        0133
__end_of_Sleep_Init                                       text1        00FA
__end_of_Sleep_Select_Internal_8MHz_Oscillator            text3        0105
__end_of_Sleep_Unused_GPIO_Config                         text2        00E2
__end_of__initialization                                  cinit        000C
__end_of_main                                             maintext     005F
__initialization                                          cinit        000B
__pbssBANK0                                               bssBANK0     004D
__pcstackBANK0                                            cstackBANK0  0040
__pcstackCOMMON                                           cstackCOMMON 0000
__pintentry                                               intentry     0004
__pmaintext                                               maintext     003A
__ptext1                                                  text1        00EF
__ptext10                                                 text10       0114
__ptext11                                                 text11       011B
__ptext12                                                 text12       00A1
__ptext13                                                 text13       0135
__ptext14                                                 text14       00C0
__ptext15                                                 text15       005F
__ptext16                                                 text16       0080
__ptext17                                                 text17       0137
__ptext18                                                 text18       0105
__ptext19                                                 text19       000E
__ptext2                                                  text2        00D5
__ptext20                                                 text20       00E2
__ptext3                                                  text3        00FA
__ptext4                                                  text4        0131
__ptext5                                                  text5        0122
__ptext6                                                  text6        0127
__ptext7                                                  text7        0133
__ptext8                                                  text8        012C
__ptext9                                                  text9        010D
_main                                                     maintext     003A
btemp                                                     (abs)        007E
end_of_initialization                                     cinit        000C
interrupt_function                                        intentry     0004
intlevel0                                                 functab      0000
intlevel1                                                 functab      0000
intlevel2                                                 functab      0000
intlevel3                                                 functab      0000
intlevel4                                                 functab      0000
intlevel5                                                 functab      0000
reset_vec                                                 reset_vec    0000
saved_w                                                   (abs)        007E
start                                                     init         000A
start_initialization                                      cinit        000B
wtemp0                                                    (abs)        007E


MODULE INFORMATION

Module		Function		Class		Link	Load	Size
button.c
		_Button_Interrupt_Fired		CODE           	00E2	0000	13
		_Button_ISR_Executables		CODE           	000E	0000	44
		_Button_Init   		CODE           	0080	0000	33
		_Button_Get_State		CODE           	0137	0000	2

button.c estimated size: 92

sleep.c
		_Sleep_Disable_Watchdog		CODE           	0122	0000	5
		_Sleep_Unused_GPIO_Config		CODE           	00D5	0000	13
		_Sleep_Disable_Reference_Clock_Output		CODE           	0127	0000	5
		_Sleep_Select_Internal_8MHz_Oscillator		CODE           	00FA	0000	11
		_Sleep_Init    		CODE           	00EF	0000	11
		_Sleep_Disable_ADC		CODE           	012C	0000	5
		_Sleep_Enable_Voltage_Regulator_In_Low_Power_Mode		CODE           	0131	0000	2
		_Sleep_Disable_FVR		CODE           	0133	0000	2

sleep.c estimated size: 54

pwm.c
		_PWM_Off       		CODE           	0135	0000	2
		_PWM_On_100_Percent_Duty_Cycle		CODE           	011B	0000	7
		_PWM_Set_Duty  		CODE           	005F	0000	33
		_PWM_Disable   		CODE           	00C0	0000	21
		_PWM_On_20_Percent_Duty_Cycle		CODE           	0114	0000	7
		_PWM_On_50_Percent_Duty_Cycle		CODE           	010D	0000	7
		_PWM_Enable    		CODE           	00A1	0000	31

pwm.c estimated size: 108

shared
		__initialization		CODE           	000B	0000	1

shared estimated size: 1

main.c
		_ISRs          		CODE           	0105	0000	8
		_main          		CODE           	003A	0000	37

main.c estimated size: 45

