Microchip MPLAB XC8 Compiler V2.40

Linker command line:

-W-3 \
  --edf=C:\Program Files\Microchip\xc8\v2.40\pic\dat\20220703182018_en.msgs \
  -cn \
  -h+dist/default/production\PIC10F322_LED_Dimmer_With_Deep_Sleep.X.production.sym \
  --cmf=dist/default/production\PIC10F322_LED_Dimmer_With_Deep_Sleep.X.production.cmf \
  -z -Q10F322 -oC:\Users\farid\AppData\Local\Temp\xcAs1u4.4 \
  --defsym=__MPLAB_BUILD=1 --fixupoverflow=error \
  -Mdist/default/production/PIC10F322_LED_Dimmer_With_Deep_Sleep.X.production.map \
  --md=C:\Users\farid\AppData\Local\Temp\xcAs1u4.dat -E1 -ver=XC8 Compiler \
  --acfsm=1493 -ACODE=00h-01FFh -ASTRCODE=00h-01FFh -ASTRING=00h-0FFhx2 \
  -ACONST=00h-0FFhx2 -AENTRY=00h-0FFhx2 -ABANK0=040h-07Dh -ARAM=040h-07Dh \
  -AABS1=040h-07Fh -ACOMMON=07Eh-07Fh -ASFR0=00h-03Fh \
  -ACONFIG=02007h-02007h -DCONFIG=2 -AIDLOC=02000h-02003h -DIDLOC=2 \
  -DCODE=2 -DSTRCODE=2 -DSTRING=2 -DCONST=2 -DENTRY=2 \
  -preset_vec=00h,intentry=04h,init,end_init -ppowerup=CODE -pcinit=CODE \
  -pfunctab=ENTRY -k C:\Users\farid\AppData\Local\Temp\xcAs1u4.o \
  dist/default/production\PIC10F322_LED_Dimmer_With_Deep_Sleep.X.production.o 

Object code version is 3.11

Machine type is 10F322



                Name                               Link     Load   Length Selector   Space Scale
C:\Users\farid\AppData\Local\Temp\xcAs1u4.o
                end_init                              A        A        1        8       0
                reset_vec                             0        0        1        0       0
                config                             2007     2007        1        0       4
dist/default/production\PIC10F322_LED_Dimmer_With_Deep_Sleep.X.production.o
                cinit                                 B        B        3        8       0
                intentry                              4        4        6        8       0
                config                             2007     2007        1        0       4
                text13                               76       76        E        8       0
                text12                                E        E       2C        8       0
                text11                               9C       9C        8        8       0
                text10                               BE       BE        2        8       0
                text9                                3A       3A       21        8       0
                text8                                84       84        D        8       0
                text7                                B5       B5        5        8       0
                text6                                BC       BC        2        8       0
                text5                                B0       B0        5        8       0
                text4                                AB       AB        5        8       0
                text3                                BA       BA        2        8       0
                text2                                91       91        B        8       0
                text1                                A4       A4        7        8       0
                maintext                             5B       5B       1B        8       0
                cstackBANK0                          40       40        7       40       1
                bssBANK0                             47       47        1       40       1

TOTAL           Name                               Link     Load   Length     Space
        CLASS   CODE           
                end_init                              A        A        1         0
                cinit                                 B        B        3         0
                intentry                              4        4        6         0
                reset_vec                             0        0        1         0
                text13                               76       76        E         0
                text12                                E        E       2C         0
                text11                               9C       9C        8         0
                text10                               BE       BE        2         0
                text9                                3A       3A       21         0
                text8                                84       84        D         0
                text7                                B5       B5        5         0
                text6                                BC       BC        2         0
                text5                                B0       B0        5         0
                text4                                AB       AB        5         0
                text3                                BA       BA        2         0
                text2                                91       91        B         0
                text1                                A4       A4        7         0
                maintext                             5B       5B       1B         0

        CLASS   STRCODE        

        CLASS   STRING         

        CLASS   CONST          

        CLASS   ENTRY          

        CLASS   BANK0          
                cstackBANK0                          40       40        7         1
                bssBANK0                             47       47        1         1

        CLASS   RAM            

        CLASS   ABS1           
                abs_s1                               7E       7E        2         1

        CLASS   COMMON         

        CLASS   SFR0           

        CLASS   CONFIG         
                config                             2007     2007        1         4

        CLASS   IDLOC          

        CLASS   STACK          

        CLASS   EEDATA         



SEGMENTS        Name                           Load    Length   Top    Selector   Space  Class     Delta

                reset_vec                      000000  000001  000001         0       0  CODE        2
                intentry                       000004  0000BC  0000C0         8       0  CODE        2
                cstackBANK0                    000040  000008  000048        40       1  BANK0       1


UNUSED ADDRESS RANGES

        Name                Unused          Largest block    Delta
        BANK0            0048-007D             36           1
        CODE             0001-0003              3           2
                         00C0-01FF            140
        CONST            0001-0003              3           2
                         00C0-01FF             40
        ENTRY            0001-0003              3           2
                         00C0-01FF             40
        IDLOC            2000-2003              4           2
        RAM              0048-007D             36           1
        SFR0             0000-003F             40           1
        STRCODE          0001-0003              3           2
                         00C0-01FF            140
        STRING           0001-0003              3           2
                         00C0-01FF             40

                                  Symbol Table

Button_ISR_Executables@i                                  cstackBANK0  0042
Button_Interrupt_Fired@status                             cstackBANK0  0040
_ADCON                                                    (abs)        001F
_ANSELA                                                   (abs)        0008
_Button_Get_State                                         text10       00BE
_Button_ISR_Executables                                   text12       000E
_Button_Init                                              text9        003A
_Button_Interrupt_Fired                                   text13       0076
_Button_State                                             bssBANK0     0047
_CLKRCON                                                  (abs)        0026
_FVRCON                                                   (abs)        001D
_INTCON                                                   (abs)        000B
_IOCAF                                                    (abs)        001C
_IOCAN                                                    (abs)        001B
_ISRs                                                     text11       009C
_LATA                                                     (abs)        0007
_OSCCON                                                   (abs)        0010
_PWM_Init                                                 text8        0084
_Sleep_Disable_ADC                                        text7        00B5
_Sleep_Disable_FVR                                        text6        00BC
_Sleep_Disable_Reference_Clock_Output                     text5        00B0
_Sleep_Disable_Watchdog                                   text4        00AB
_Sleep_Enable_Voltage_Regulator_In_Low_Power_Mode         text3        00BA
_Sleep_Init                                               text1        00A4
_Sleep_Select_Internal_8MHz_Oscillator                    text2        0091
_TRISA                                                    (abs)        0006
_VREGCON                                                  (abs)        003E
_WDTCON                                                   (abs)        0030
__Habs1                                                   abs1         0000
__Hbank0                                                  bank0        0000
__HbssBANK0                                               bssBANK0     0000
__Hcinit                                                  cinit        000E
__Hclrtext                                                clrtext      0000
__Hcode                                                   code         0000
__Hcommon                                                 common       0000
__Hconfig                                                 config       2008
__HcstackBANK0                                            cstackBANK0  0000
__HcstackCOMMON                                           cstackCOMMON 0000
__Heeprom_data                                            eeprom_data  0000
__Hend_init                                               end_init     000B
__Hfunctab                                                functab      0000
__Hinit                                                   init         000A
__Hintentry                                               intentry     000A
__Hmaintext                                               maintext     0000
__Hpowerup                                                powerup      0000
__Hram                                                    ram          0000
__Hreset_vec                                              reset_vec    0001
__Hsfr0                                                   sfr0         0000
__Hspace_0                                                (abs)        00C0
__Hspace_1                                                (abs)        0048
__Hspace_2                                                (abs)        0000
__Hspace_3                                                (abs)        0000
__Hspace_4                                                (abs)        400F
__Hstack                                                  stack        0000
__Hstrings                                                strings      0000
__Htext                                                   text         0000
__Labs1                                                   abs1         0000
__Lbank0                                                  bank0        0000
__LbssBANK0                                               bssBANK0     0000
__Lcinit                                                  cinit        000B
__Lclrtext                                                clrtext      0000
__Lcode                                                   code         0000
__Lcommon                                                 common       0000
__Lconfig                                                 config       0000
__LcstackBANK0                                            cstackBANK0  0000
__LcstackCOMMON                                           cstackCOMMON 0000
__Leeprom_data                                            eeprom_data  0000
__Lend_init                                               end_init     000A
__Lfunctab                                                functab      0000
__Linit                                                   init         000A
__Lintentry                                               intentry     0004
__Lmaintext                                               maintext     0000
__Lpowerup                                                powerup      0000
__Lram                                                    ram          0000
__Lreset_vec                                              reset_vec    0000
__Lsfr0                                                   sfr0         0000
__Lspace_0                                                (abs)        0000
__Lspace_1                                                (abs)        0000
__Lspace_2                                                (abs)        0000
__Lspace_3                                                (abs)        0000
__Lspace_4                                                (abs)        0000
__Lstack                                                  stack        0000
__Lstrings                                                strings      0000
__Ltext                                                   text         0000
__S0                                                      (abs)        00C0
__S1                                                      (abs)        0048
___int_sp                                                 stack        0000
___latbits                                                (abs)        0000
___sp                                                     stack        0000
___stackhi                                                (abs)        0000
___stacklo                                                (abs)        0000
__end_of_Button_Get_State                                 text10       00C0
__end_of_Button_ISR_Executables                           text12       003A
__end_of_Button_Init                                      text9        005B
__end_of_Button_Interrupt_Fired                           text13       0084
__end_of_ISRs                                             text11       00A4
__end_of_PWM_Init                                         text8        0091
__end_of_Sleep_Disable_ADC                                text7        00BA
__end_of_Sleep_Disable_FVR                                text6        00BE
__end_of_Sleep_Disable_Reference_Clock_Output             text5        00B5
__end_of_Sleep_Disable_Watchdog                           text4        00B0
__end_of_Sleep_Enable_Voltage_Regulator_In_Low_Power_Mode text3        00BC
__end_of_Sleep_Init                                       text1        00AB
__end_of_Sleep_Select_Internal_8MHz_Oscillator            text2        009C
__end_of__initialization                                  cinit        000C
__end_of_main                                             maintext     0076
__initialization                                          cinit        000B
__pbssBANK0                                               bssBANK0     0047
__pcstackBANK0                                            cstackBANK0  0040
__pcstackCOMMON                                           cstackCOMMON 0000
__pintentry                                               intentry     0004
__pmaintext                                               maintext     005B
__ptext1                                                  text1        00A4
__ptext10                                                 text10       00BE
__ptext11                                                 text11       009C
__ptext12                                                 text12       000E
__ptext13                                                 text13       0076
__ptext2                                                  text2        0091
__ptext3                                                  text3        00BA
__ptext4                                                  text4        00AB
__ptext5                                                  text5        00B0
__ptext6                                                  text6        00BC
__ptext7                                                  text7        00B5
__ptext8                                                  text8        0084
__ptext9                                                  text9        003A
_main                                                     maintext     005B
btemp                                                     (abs)        007E
end_of_initialization                                     cinit        000C
interrupt_function                                        intentry     0004
intlevel0                                                 functab      0000
intlevel1                                                 functab      0000
intlevel2                                                 functab      0000
intlevel3                                                 functab      0000
intlevel4                                                 functab      0000
intlevel5                                                 functab      0000
reset_vec                                                 reset_vec    0000
saved_w                                                   (abs)        007E
start                                                     init         000A
start_initialization                                      cinit        000B
wtemp0                                                    (abs)        007E


MODULE INFORMATION

Module		Function		Class		Link	Load	Size
button.c
		_Button_Interrupt_Fired		CODE           	0076	0000	14
		_Button_ISR_Executables		CODE           	000E	0000	44
		_Button_Init   		CODE           	003A	0000	33
		_Button_Get_State		CODE           	00BE	0000	2

button.c estimated size: 93

sleep.c
		_Sleep_Disable_Watchdog		CODE           	00AB	0000	5
		_Sleep_Disable_Reference_Clock_Output		CODE           	00B0	0000	5
		_Sleep_Select_Internal_8MHz_Oscillator		CODE           	0091	0000	11
		_Sleep_Init    		CODE           	00A4	0000	7
		_Sleep_Disable_ADC		CODE           	00B5	0000	5
		_Sleep_Enable_Voltage_Regulator_In_Low_Power_Mode		CODE           	00BA	0000	2
		_Sleep_Disable_FVR		CODE           	00BC	0000	2

sleep.c estimated size: 37

pwm.c
		_PWM_Init      		CODE           	0084	0000	13

pwm.c estimated size: 13

shared
		__initialization		CODE           	000B	0000	1

shared estimated size: 1

main.c
		_ISRs          		CODE           	009C	0000	8
		_main          		CODE           	005B	0000	27

main.c estimated size: 35

