Microchip MPLAB XC8 Compiler V2.40

Linker command line:

-W-3 \
  --edf=C:\Program Files\Microchip\xc8\v2.40\pic\dat\20220703182018_en.msgs \
  -cn \
  -h+dist/default/production\PIC10F322_LED_Dimmer_With_Deep_Sleep.production.sym \
  --cmf=dist/default/production\PIC10F322_LED_Dimmer_With_Deep_Sleep.production.cmf \
  -z -Q10F322 -oC:\Users\EED-R&I\AppData\Local\Temp\xcAsdjo.4 \
  --defsym=__MPLAB_BUILD=1 --fixupoverflow=error \
  -Mdist/default/production/PIC10F322_LED_Dimmer_With_Deep_Sleep.production.map \
  --md=C:\Users\EED-R&I\AppData\Local\Temp\xcAsdjo.dat -E1 \
  -ver=XC8 Compiler --acfsm=1493 -ACODE=00h-01FFh -ASTRCODE=00h-01FFh \
  -ASTRING=00h-0FFhx2 -ACONST=00h-0FFhx2 -AENTRY=00h-0FFhx2 \
  -ABANK0=040h-07Dh -ARAM=040h-07Dh -AABS1=040h-07Fh -ACOMMON=07Eh-07Fh \
  -ASFR0=00h-03Fh -ACONFIG=02007h-02007h -DCONFIG=2 -AIDLOC=02000h-02003h \
  -DIDLOC=2 -DCODE=2 -DSTRCODE=2 -DSTRING=2 -DCONST=2 -DENTRY=2 \
  -preset_vec=00h,intentry=04h,init,end_init -ppowerup=CODE -pcinit=CODE \
  -pfunctab=ENTRY -k C:\Users\EED-R&I\AppData\Local\Temp\xcAsdjo.o \
  dist/default/production\PIC10F322_LED_Dimmer_With_Deep_Sleep.production.o 

Object code version is 3.11

Machine type is 10F322



                Name                               Link     Load   Length Selector   Space Scale
C:\Users\EED-R&I\AppData\Local\Temp\xcAsdjo.o
                end_init                              A        A        1        8       0
                reset_vec                             0        0        1        0       0
                config                             2007     2007        1        0       4
dist/default/production\PIC10F322_LED_Dimmer_With_Deep_Sleep.production.o
                cinit                                 B        B        5        8       0
                intentry                              4        4        6        8       0
                config                             2007     2007        1        0       4
                text22                              1FD      1FD        2        8       0
                text21                              1FB      1FB        2        8       0
                text20                              1F0      1F0        3        8       0
                text19                              16B      16B       14        8       0
                text18                              1F9      1F9        2        8       0
                text17                              1ED      1ED        3        8       0
                text16                              1CF      1CF        9        8       0
                text15                              151      151       1A        8       0
                text14                               10       10       66        8       0
                text13                               C9       C9       46        8       0
                text12                               76       76       53        8       0
                text11                              1A5      1A5       13        8       0
                text10                              192      192       13        8       0
                text9                               17F      17F       13        8       0
                text8                               1F7      1F7        2        8       0
                text7                               10F      10F       42        8       0
                text6                               1E0      1E0        8        8       0
                text5                               1F5      1F5        2        8       0
                text4                               1C4      1C4        B        8       0
                text3                               1F3      1F3        2        8       0
                text2                               1E8      1E8        5        8       0
                text1                               1D8      1D8        8        8       0
                maintext                            1B8      1B8        C        8       0
                cstackBANK0                          40       40       1B       40       1
                bssBANK0                             5B       5B        3       40       1

TOTAL           Name                               Link     Load   Length     Space
        CLASS   CODE           
                end_init                              A        A        1         0
                cinit                                 B        B        5         0
                intentry                              4        4        6         0
                reset_vec                             0        0        1         0
                text22                              1FD      1FD        2         0
                text21                              1FB      1FB        2         0
                text20                              1F0      1F0        3         0
                text19                              16B      16B       14         0
                text18                              1F9      1F9        2         0
                text17                              1ED      1ED        3         0
                text16                              1CF      1CF        9         0
                text15                              151      151       1A         0
                text14                               10       10       66         0
                text13                               C9       C9       46         0
                text12                               76       76       53         0
                text11                              1A5      1A5       13         0
                text10                              192      192       13         0
                text9                               17F      17F       13         0
                text8                               1F7      1F7        2         0
                text7                               10F      10F       42         0
                text6                               1E0      1E0        8         0
                text5                               1F5      1F5        2         0
                text4                               1C4      1C4        B         0
                text3                               1F3      1F3        2         0
                text2                               1E8      1E8        5         0
                text1                               1D8      1D8        8         0
                maintext                            1B8      1B8        C         0

        CLASS   STRCODE        

        CLASS   STRING         

        CLASS   CONST          

        CLASS   ENTRY          

        CLASS   BANK0          
                cstackBANK0                          40       40       1B         1
                bssBANK0                             5B       5B        3         1

        CLASS   RAM            

        CLASS   ABS1           
                abs_s1                               7E       7E        2         1

        CLASS   COMMON         

        CLASS   SFR0           

        CLASS   CONFIG         
                config                             2007     2007        1         4

        CLASS   IDLOC          

        CLASS   STACK          

        CLASS   EEDATA         



SEGMENTS        Name                           Load    Length   Top    Selector   Space  Class     Delta

                reset_vec                      000000  000001  000001         0       0  CODE        2
                intentry                       000004  0001FB  0001FF         8       0  CODE        2
                cstackBANK0                    000040  00001E  00005E        40       1  BANK0       1


UNUSED ADDRESS RANGES

        Name                Unused          Largest block    Delta
        BANK0            005E-007D             20           1
        CODE             0001-0003              3           2
                         01FF-01FF              1
        CONST            0001-0003              3           2
                         01FF-01FF              1
        ENTRY            0001-0003              3           2
                         01FF-01FF              1
        IDLOC            2000-2003              4           2
        RAM              005E-007D             20           1
        SFR0             0000-003F             40           1
        STRCODE          0001-0003              3           2
                         01FF-01FF              1
        STRING           0001-0003              3           2
                         01FF-01FF              1

                                  Symbol Table

?___lldiv                              cstackBANK0  0040
?___lmul                               cstackBANK0  0040
PWM_Set_Duty@duty                      cstackBANK0  004E
PWM_Set_Duty@temp                      cstackBANK0  0054
_ADCON                                 (abs)        001F
_ANSELA                                (abs)        0008
_Button_Get_Sleep_Mode                 text5        01F5
_Button_Get_State                      text22       01FD
_Button_ISR_Executables                text7        010F
_Button_Init                           text4        01C4
_Button_Set_Active_Mode                text21       01FB
_Button_Set_Sleep_Mode                 text20       01F0
_Button_State                          bssBANK0     005C
_FVRCON                                (abs)        001D
_INTCON                                (abs)        000B
_ISRs                                  text6        01E0
_LATA                                  (abs)        0007
_OPTION_REG                            (abs)        000E
_PIR1                                  (abs)        000C
_PORTA                                 (abs)        0005
_PR2                                   (abs)        0012
_PWM2CON                               (abs)        0019
_PWM2DCH                               (abs)        0018
_PWM2DCL                               (abs)        0017
_PWM_Clear_Execution_Status            text3        01F3
_PWM_Disable                           text19       016B
_PWM_Enable                            text15       0151
_PWM_Get_Execution_Status              text18       01F9
_PWM_Off                               text16       01CF
_PWM_On_100_Percent_Duty_Cycle         text11       01A5
_PWM_On_20_Percent_Duty_Cycle          text10       0192
_PWM_On_50_Percent_Duty_Cycle          text9        017F
_PWM_Set_Duty                          text12       0076
_PWM_Set_Execution_Status              text17       01ED
_Sleep_Init                            text1        01D8
_Sleep_Unused_GPIO_Config              text2        01E8
_T2CON                                 (abs)        0013
_TMR2                                  (abs)        0011
_TRISA                                 (abs)        0006
_VREGCON                               (abs)        003E
_WPUA                                  (abs)        0009
__Habs1                                abs1         0000
__Hbank0                               bank0        0000
__HbssBANK0                            bssBANK0     0000
__Hcinit                               cinit        0010
__Hclrtext                             clrtext      0000
__Hcode                                code         0000
__Hcommon                              common       0000
__Hconfig                              config       2008
__HcstackBANK0                         cstackBANK0  0000
__HcstackCOMMON                        cstackCOMMON 0000
__Heeprom_data                         eeprom_data  0000
__Hend_init                            end_init     000B
__Hfunctab                             functab      0000
__Hinit                                init         000A
__Hintentry                            intentry     000A
__Hmaintext                            maintext     0000
__Hpowerup                             powerup      0000
__Hram                                 ram          0000
__Hreset_vec                           reset_vec    0001
__Hsfr0                                sfr0         0000
__Hspace_0                             (abs)        01FF
__Hspace_1                             (abs)        005E
__Hspace_2                             (abs)        0000
__Hspace_3                             (abs)        0000
__Hspace_4                             (abs)        400F
__Hstack                               stack        0000
__Hstrings                             strings      0000
__Htext                                text         0000
__Labs1                                abs1         0000
__Lbank0                               bank0        0000
__LbssBANK0                            bssBANK0     0000
__Lcinit                               cinit        000B
__Lclrtext                             clrtext      0000
__Lcode                                code         0000
__Lcommon                              common       0000
__Lconfig                              config       0000
__LcstackBANK0                         cstackBANK0  0000
__LcstackCOMMON                        cstackCOMMON 0000
__Leeprom_data                         eeprom_data  0000
__Lend_init                            end_init     000A
__Lfunctab                             functab      0000
__Linit                                init         000A
__Lintentry                            intentry     0004
__Lmaintext                            maintext     0000
__Lpowerup                             powerup      0000
__Lram                                 ram          0000
__Lreset_vec                           reset_vec    0000
__Lsfr0                                sfr0         0000
__Lspace_0                             (abs)        0000
__Lspace_1                             (abs)        0000
__Lspace_2                             (abs)        0000
__Lspace_3                             (abs)        0000
__Lspace_4                             (abs)        0000
__Lstack                               stack        0000
__Lstrings                             strings      0000
__Ltext                                text         0000
__S0                                   (abs)        01FF
__S1                                   (abs)        005E
___int_sp                              stack        0000
___latbits                             (abs)        0000
___lldiv                               text14       0010
___lldiv@counter                       cstackBANK0  004D
___lldiv@dividend                      cstackBANK0  0044
___lldiv@divisor                       cstackBANK0  0040
___lldiv@quotient                      cstackBANK0  0049
___lmul                                text13       00C9
___lmul@multiplicand                   cstackBANK0  0044
___lmul@multiplier                     cstackBANK0  0040
___lmul@product                        cstackBANK0  0049
___sp                                  stack        0000
___stackhi                             (abs)        0000
___stacklo                             (abs)        0000
__end_of_Button_Get_Sleep_Mode         text5        01F7
__end_of_Button_Get_State              text22       01FF
__end_of_Button_ISR_Executables        text7        0151
__end_of_Button_Init                   text4        01CF
__end_of_Button_Set_Active_Mode        text21       01FD
__end_of_Button_Set_Sleep_Mode         text20       01F3
__end_of_ISRs                          text6        01E8
__end_of_PWM_Clear_Execution_Status    text3        01F5
__end_of_PWM_Disable                   text19       017F
__end_of_PWM_Enable                    text15       016B
__end_of_PWM_Get_Execution_Status      text18       01FB
__end_of_PWM_Off                       text16       01D8
__end_of_PWM_On_100_Percent_Duty_Cycle text11       01B8
__end_of_PWM_On_20_Percent_Duty_Cycle  text10       01A5
__end_of_PWM_On_50_Percent_Duty_Cycle  text9        0192
__end_of_PWM_Set_Duty                  text12       00C9
__end_of_PWM_Set_Execution_Status      text17       01F0
__end_of_Sleep_Init                    text1        01E0
__end_of_Sleep_Unused_GPIO_Config      text2        01ED
__end_of___lldiv                       text14       0076
__end_of___lmul                        text13       010F
__end_of__initialization               cinit        000E
__end_of_main                          maintext     01C4
__end_ofi1_PWM_Clear_Execution_Status  text8        01F9
__initialization                       cinit        000B
__pbssBANK0                            bssBANK0     005B
__pcstackBANK0                         cstackBANK0  0040
__pcstackCOMMON                        cstackCOMMON 0000
__pintentry                            intentry     0004
__pmaintext                            maintext     01B8
__ptext1                               text1        01D8
__ptext10                              text10       0192
__ptext11                              text11       01A5
__ptext12                              text12       0076
__ptext13                              text13       00C9
__ptext14                              text14       0010
__ptext15                              text15       0151
__ptext16                              text16       01CF
__ptext17                              text17       01ED
__ptext18                              text18       01F9
__ptext19                              text19       016B
__ptext2                               text2        01E8
__ptext20                              text20       01F0
__ptext21                              text21       01FB
__ptext22                              text22       01FD
__ptext3                               text3        01F3
__ptext4                               text4        01C4
__ptext5                               text5        01F5
__ptext6                               text6        01E0
__ptext7                               text7        010F
__ptext8                               text8        01F7
__ptext9                               text9        017F
_executed                              bssBANK0     005D
_main                                  maintext     01B8
_sleep_mode                            bssBANK0     005B
btemp                                  (abs)        007E
end_of_initialization                  cinit        000E
i1_PWM_Clear_Execution_Status          text8        01F7
interrupt_function                     intentry     0004
intlevel0                              functab      0000
intlevel1                              functab      0000
intlevel2                              functab      0000
intlevel3                              functab      0000
intlevel4                              functab      0000
intlevel5                              functab      0000
reset_vec                              reset_vec    0000
saved_w                                (abs)        007E
start                                  init         000A
start_initialization                   cinit        000B
wtemp0                                 (abs)        007E


MODULE INFORMATION

Module		Function		Class		Link	Load	Size
button.c
		_Button_Get_Sleep_Mode		CODE           	01F5	0000	2
		_Button_Set_Sleep_Mode		CODE           	01F0	0000	3
		_Button_ISR_Executables		CODE           	010F	0000	66
		_Button_Init   		CODE           	01C4	0000	11
		_Button_Set_Active_Mode		CODE           	01FB	0000	2
		_Button_Get_State		CODE           	01FD	0000	2

button.c estimated size: 86

sleep.c
		_Sleep_Unused_GPIO_Config		CODE           	01E8	0000	5
		_Sleep_Init    		CODE           	01D8	0000	8

sleep.c estimated size: 13

C:\Program Files\Microchip\xc8\v2.40\pic\sources\c90\common\__lldiv.c
		___lldiv       		CODE           	0010	0000	102

C:\Program Files\Microchip\xc8\v2.40\pic\sources\c90\common\__lldiv.c estimated size: 102

pwm.c
		_PWM_Get_Execution_Status		CODE           	01F9	0000	2
		_PWM_Off       		CODE           	01CF	0000	9
		_PWM_Set_Execution_Status		CODE           	01ED	0000	3
		_PWM_On_100_Percent_Duty_Cycle		CODE           	01A5	0000	19
		_PWM_Set_Duty  		CODE           	0076	0000	83
		_PWM_Disable   		CODE           	016B	0000	20
		_PWM_On_20_Percent_Duty_Cycle		CODE           	0192	0000	19
		_PWM_On_50_Percent_Duty_Cycle		CODE           	017F	0000	19
		_PWM_Enable    		CODE           	0151	0000	26
		_PWM_Clear_Execution_Status		CODE           	01F3	0000	2

pwm.c estimated size: 202

shared
		i1_PWM_Clear_Execution_Status		CODE           	01F7	0000	2
		__initialization		CODE           	000B	0000	3

shared estimated size: 5

C:\Program Files\Microchip\xc8\v2.40\pic\sources\c90\common\Umul32.c
		___lmul        		CODE           	00C9	0000	70

C:\Program Files\Microchip\xc8\v2.40\pic\sources\c90\common\Umul32.c estimated size: 70

main.c
		_ISRs          		CODE           	01E0	0000	8
		_main          		CODE           	01B8	0000	12

main.c estimated size: 20

