Microchip MPLAB XC8 Compiler V2.40

Linker command line:

-W-3 \
  --edf=C:\Program Files\Microchip\xc8\v2.40\pic\dat\20220703182018_en.msgs \
  -cn \
  -h+dist/default/production\PIC10F322_LED_Dimmer_With_Deep_Sleep.production.sym \
  --cmf=dist/default/production\PIC10F322_LED_Dimmer_With_Deep_Sleep.production.cmf \
  -z -Q10F322 -oC:\Users\EED-R&I\AppData\Local\Temp\xcAsdb0.4 \
  --defsym=__MPLAB_BUILD=1 --fixupoverflow=error \
  -Mdist/default/production/PIC10F322_LED_Dimmer_With_Deep_Sleep.production.map \
  --md=C:\Users\EED-R&I\AppData\Local\Temp\xcAsdb0.dat -E1 \
  -ver=XC8 Compiler --acfsm=1493 -ACODE=00h-01FFh -ASTRCODE=00h-01FFh \
  -ASTRING=00h-0FFhx2 -ACONST=00h-0FFhx2 -AENTRY=00h-0FFhx2 \
  -ABANK0=040h-07Dh -ARAM=040h-07Dh -AABS1=040h-07Fh -ACOMMON=07Eh-07Fh \
  -ASFR0=00h-03Fh -ACONFIG=02007h-02007h -DCONFIG=2 -AIDLOC=02000h-02003h \
  -DIDLOC=2 -DCODE=2 -DSTRCODE=2 -DSTRING=2 -DCONST=2 -DENTRY=2 \
  -preset_vec=00h,intentry=04h,init,end_init -ppowerup=CODE -pcinit=CODE \
  -pfunctab=ENTRY -k C:\Users\EED-R&I\AppData\Local\Temp\xcAsdb0.o \
  dist/default/production\PIC10F322_LED_Dimmer_With_Deep_Sleep.production.o 

Object code version is 3.11

Machine type is 10F322



                Name                               Link     Load   Length Selector   Space Scale
C:\Users\EED-R&I\AppData\Local\Temp\xcAsdb0.o
                end_init                              A        A        1        8       0
                reset_vec                             0        0        1        0       0
                config                             2007     2007        1        0       4
dist/default/production\PIC10F322_LED_Dimmer_With_Deep_Sleep.production.o
                cinit                                 B        B        6        8       0
                intentry                              4        4        6        8       0
                config                             2007     2007        1        0       4
                text24                              1F9      1F9        2        8       0
                text23                              1EA      1EA        3        8       0
                text22                              171      171       14        8       0
                text21                              1F7      1F7        2        8       0
                text20                              1E7      1E7        3        8       0
                text19                              1C6      1C6        9        8       0
                text18                              1F5      1F5        2        8       0
                text17                              135      135       22        8       0
                text16                              1D7      1D7        8        8       0
                text15                              1F3      1F3        2        8       0
                text14                              1F1      1F1        2        8       0
                text13                              1BB      1BB        B        8       0
                text12                              1EF      1EF        2        8       0
                text11                              157      157       1A        8       0
                text10                              1ED      1ED        2        8       0
                text9                                11       11       66        8       0
                text8                                CA       CA       46        8       0
                text7                                77       77       53        8       0
                text6                               1E4      1E4        3        8       0
                text5                               1A9      1A9       12        8       0
                text4                               197      197       12        8       0
                text3                               185      185       12        8       0
                text2                               1DF      1DF        5        8       0
                text1                               1CF      1CF        8        8       0
                maintext                            110      110       25        8       0
                cstackBANK0                          40       40       1A       40       1
                bssBANK0                             5A       5A        4       40       1

TOTAL           Name                               Link     Load   Length     Space
        CLASS   CODE           
                end_init                              A        A        1         0
                cinit                                 B        B        6         0
                intentry                              4        4        6         0
                reset_vec                             0        0        1         0
                text24                              1F9      1F9        2         0
                text23                              1EA      1EA        3         0
                text22                              171      171       14         0
                text21                              1F7      1F7        2         0
                text20                              1E7      1E7        3         0
                text19                              1C6      1C6        9         0
                text18                              1F5      1F5        2         0
                text17                              135      135       22         0
                text16                              1D7      1D7        8         0
                text15                              1F3      1F3        2         0
                text14                              1F1      1F1        2         0
                text13                              1BB      1BB        B         0
                text12                              1EF      1EF        2         0
                text11                              157      157       1A         0
                text10                              1ED      1ED        2         0
                text9                                11       11       66         0
                text8                                CA       CA       46         0
                text7                                77       77       53         0
                text6                               1E4      1E4        3         0
                text5                               1A9      1A9       12         0
                text4                               197      197       12         0
                text3                               185      185       12         0
                text2                               1DF      1DF        5         0
                text1                               1CF      1CF        8         0
                maintext                            110      110       25         0

        CLASS   STRCODE        

        CLASS   STRING         

        CLASS   CONST          

        CLASS   ENTRY          

        CLASS   BANK0          
                cstackBANK0                          40       40       1A         1
                bssBANK0                             5A       5A        4         1

        CLASS   RAM            

        CLASS   ABS1           
                abs_s1                               7E       7E        2         1

        CLASS   COMMON         

        CLASS   SFR0           

        CLASS   CONFIG         
                config                             2007     2007        1         4

        CLASS   IDLOC          

        CLASS   STACK          

        CLASS   EEDATA         



SEGMENTS        Name                           Load    Length   Top    Selector   Space  Class     Delta

                reset_vec                      000000  000001  000001         0       0  CODE        2
                intentry                       000004  0001F7  0001FB         8       0  CODE        2
                cstackBANK0                    000040  00001E  00005E        40       1  BANK0       1


UNUSED ADDRESS RANGES

        Name                Unused          Largest block    Delta
        BANK0            005E-007D             20           1
        CODE             0001-0003              3           2
                         01FB-01FF              5
        CONST            0001-0003              3           2
                         01FB-01FF              5
        ENTRY            0001-0003              3           2
                         01FB-01FF              5
        IDLOC            2000-2003              4           2
        RAM              005E-007D             20           1
        SFR0             0000-003F             40           1
        STRCODE          0001-0003              3           2
                         01FB-01FF              5
        STRING           0001-0003              3           2
                         01FB-01FF              5

                                  Symbol Table

?___lldiv                              cstackBANK0  0044
?___lmul                               cstackBANK0  0044
PWM_Set_Duty@duty                      cstackBANK0  0052
PWM_Set_Duty@temp                      cstackBANK0  0058
_ADCON                                 (abs)        001F
_ANSELA                                (abs)        0008
_Button_Get_Sleep_Mode                 text15       01F3
_Button_Get_State                      text14       01F1
_Button_ISR_Executables                text17       0135
_Button_Init                           text13       01BB
_Button_Set_Active_Mode                text24       01F9
_Button_Set_Sleep_Mode                 text23       01EA
_Button_State                          bssBANK0     005B
_FVRCON                                (abs)        001D
_INTCON                                (abs)        000B
_ISRs                                  text16       01D7
_LATA                                  (abs)        0007
_OPTION_REG                            (abs)        000E
_PIR1                                  (abs)        000C
_PORTA                                 (abs)        0005
_PR2                                   (abs)        0012
_PWM2CON                               (abs)        0019
_PWM2DCH                               (abs)        0018
_PWM2DCL                               (abs)        0017
_PWM_Clear_Execution_Status            text12       01EF
_PWM_Disable                           text22       0171
_PWM_Enable                            text11       0157
_PWM_Get_Execution_Status              text10       01ED
_PWM_Off                               text19       01C6
_PWM_On_100_Percent_Duty_Cycle         text5        01A9
_PWM_On_20_Percent_Duty_Cycle          text4        0197
_PWM_On_50_Percent_Duty_Cycle          text3        0185
_PWM_Set_Duty                          text7        0077
_PWM_Set_Execution_Status              text6        01E4
_Sleep_Init                            text1        01CF
_Sleep_Unused_GPIO_Config              text2        01DF
_T2CON                                 (abs)        0013
_TMR2                                  (abs)        0011
_TRISA                                 (abs)        0006
_VREGCON                               (abs)        003E
_WPUA                                  (abs)        0009
__Habs1                                abs1         0000
__Hbank0                               bank0        0000
__HbssBANK0                            bssBANK0     0000
__Hcinit                               cinit        0011
__Hclrtext                             clrtext      0000
__Hcode                                code         0000
__Hcommon                              common       0000
__Hconfig                              config       2008
__HcstackBANK0                         cstackBANK0  0000
__HcstackCOMMON                        cstackCOMMON 0000
__Heeprom_data                         eeprom_data  0000
__Hend_init                            end_init     000B
__Hfunctab                             functab      0000
__Hinit                                init         000A
__Hintentry                            intentry     000A
__Hmaintext                            maintext     0000
__Hpowerup                             powerup      0000
__Hram                                 ram          0000
__Hreset_vec                           reset_vec    0001
__Hsfr0                                sfr0         0000
__Hspace_0                             (abs)        01FB
__Hspace_1                             (abs)        005E
__Hspace_2                             (abs)        0000
__Hspace_3                             (abs)        0000
__Hspace_4                             (abs)        400F
__Hstack                               stack        0000
__Hstrings                             strings      0000
__Htext                                text         0000
__Labs1                                abs1         0000
__Lbank0                               bank0        0000
__LbssBANK0                            bssBANK0     0000
__Lcinit                               cinit        000B
__Lclrtext                             clrtext      0000
__Lcode                                code         0000
__Lcommon                              common       0000
__Lconfig                              config       0000
__LcstackBANK0                         cstackBANK0  0000
__LcstackCOMMON                        cstackCOMMON 0000
__Leeprom_data                         eeprom_data  0000
__Lend_init                            end_init     000A
__Lfunctab                             functab      0000
__Linit                                init         000A
__Lintentry                            intentry     0004
__Lmaintext                            maintext     0000
__Lpowerup                             powerup      0000
__Lram                                 ram          0000
__Lreset_vec                           reset_vec    0000
__Lsfr0                                sfr0         0000
__Lspace_0                             (abs)        0000
__Lspace_1                             (abs)        0000
__Lspace_2                             (abs)        0000
__Lspace_3                             (abs)        0000
__Lspace_4                             (abs)        0000
__Lstack                               stack        0000
__Lstrings                             strings      0000
__Ltext                                text         0000
__S0                                   (abs)        01FB
__S1                                   (abs)        005E
___int_sp                              stack        0000
___latbits                             (abs)        0000
___lldiv                               text9        0011
___lldiv@counter                       cstackBANK0  0051
___lldiv@dividend                      cstackBANK0  0048
___lldiv@divisor                       cstackBANK0  0044
___lldiv@quotient                      cstackBANK0  004D
___lmul                                text8        00CA
___lmul@multiplicand                   cstackBANK0  0048
___lmul@multiplier                     cstackBANK0  0044
___lmul@product                        cstackBANK0  004D
___sp                                  stack        0000
___stackhi                             (abs)        0000
___stacklo                             (abs)        0000
__end_of_Button_Get_Sleep_Mode         text15       01F5
__end_of_Button_Get_State              text14       01F3
__end_of_Button_ISR_Executables        text17       0157
__end_of_Button_Init                   text13       01C6
__end_of_Button_Set_Active_Mode        text24       01FB
__end_of_Button_Set_Sleep_Mode         text23       01ED
__end_of_ISRs                          text16       01DF
__end_of_PWM_Clear_Execution_Status    text12       01F1
__end_of_PWM_Disable                   text22       0185
__end_of_PWM_Enable                    text11       0171
__end_of_PWM_Get_Execution_Status      text10       01EF
__end_of_PWM_Off                       text19       01CF
__end_of_PWM_On_100_Percent_Duty_Cycle text5        01BB
__end_of_PWM_On_20_Percent_Duty_Cycle  text4        01A9
__end_of_PWM_On_50_Percent_Duty_Cycle  text3        0197
__end_of_PWM_Set_Duty                  text7        00CA
__end_of_PWM_Set_Execution_Status      text6        01E7
__end_of_Sleep_Init                    text1        01D7
__end_of_Sleep_Unused_GPIO_Config      text2        01E4
__end_of___lldiv                       text9        0077
__end_of___lmul                        text8        0110
__end_of__initialization               cinit        000F
__end_of_main                          maintext     0135
__end_ofi1_PWM_Clear_Execution_Status  text18       01F7
__end_ofi1_PWM_Get_Execution_Status    text21       01F9
__end_ofi1_PWM_Set_Execution_Status    text20       01EA
__initialization                       cinit        000B
__pbssBANK0                            bssBANK0     005A
__pcstackBANK0                         cstackBANK0  0040
__pcstackCOMMON                        cstackCOMMON 0000
__pintentry                            intentry     0004
__pmaintext                            maintext     0110
__ptext1                               text1        01CF
__ptext10                              text10       01ED
__ptext11                              text11       0157
__ptext12                              text12       01EF
__ptext13                              text13       01BB
__ptext14                              text14       01F1
__ptext15                              text15       01F3
__ptext16                              text16       01D7
__ptext17                              text17       0135
__ptext18                              text18       01F5
__ptext19                              text19       01C6
__ptext2                               text2        01DF
__ptext20                              text20       01E7
__ptext21                              text21       01F7
__ptext22                              text22       0171
__ptext23                              text23       01EA
__ptext24                              text24       01F9
__ptext3                               text3        0185
__ptext4                               text4        0197
__ptext5                               text5        01A9
__ptext6                               text6        01E4
__ptext7                               text7        0077
__ptext8                               text8        00CA
__ptext9                               text9        0011
_executed                              bssBANK0     005C
_main                                  maintext     0110
_sleep_mode                            bssBANK0     005A
btemp                                  (abs)        007E
end_of_initialization                  cinit        000F
i1_PWM_Clear_Execution_Status          text18       01F5
i1_PWM_Get_Execution_Status            text21       01F7
i1_PWM_Set_Execution_Status            text20       01E7
interrupt_function                     intentry     0004
intlevel0                              functab      0000
intlevel1                              functab      0000
intlevel2                              functab      0000
intlevel3                              functab      0000
intlevel4                              functab      0000
intlevel5                              functab      0000
reset_vec                              reset_vec    0000
saved_w                                (abs)        007E
start                                  init         000A
start_initialization                   cinit        000B
wtemp0                                 (abs)        007E


MODULE INFORMATION

Module		Function		Class		Link	Load	Size
button.c
		_Button_Get_Sleep_Mode		CODE           	01F3	0000	2
		_Button_Set_Sleep_Mode		CODE           	01EA	0000	3
		_Button_ISR_Executables		CODE           	0135	0000	34
		_Button_Init   		CODE           	01BB	0000	11
		_Button_Set_Active_Mode		CODE           	01F9	0000	2
		_Button_Get_State		CODE           	01F1	0000	2

button.c estimated size: 54

sleep.c
		_Sleep_Unused_GPIO_Config		CODE           	01DF	0000	5
		_Sleep_Init    		CODE           	01CF	0000	8

sleep.c estimated size: 13

C:\Program Files\Microchip\xc8\v2.40\pic\sources\c90\common\__lldiv.c
		___lldiv       		CODE           	0011	0000	102

C:\Program Files\Microchip\xc8\v2.40\pic\sources\c90\common\__lldiv.c estimated size: 102

pwm.c
		_PWM_Get_Execution_Status		CODE           	01ED	0000	2
		_PWM_Off       		CODE           	01C6	0000	9
		_PWM_Set_Execution_Status		CODE           	01E4	0000	3
		_PWM_On_100_Percent_Duty_Cycle		CODE           	01A9	0000	18
		_PWM_Set_Duty  		CODE           	0077	0000	83
		_PWM_Disable   		CODE           	0171	0000	20
		_PWM_On_20_Percent_Duty_Cycle		CODE           	0197	0000	18
		_PWM_On_50_Percent_Duty_Cycle		CODE           	0185	0000	18
		_PWM_Enable    		CODE           	0157	0000	26
		_PWM_Clear_Execution_Status		CODE           	01EF	0000	2

pwm.c estimated size: 199

shared
		i1_PWM_Set_Execution_Status		CODE           	01E7	0000	3
		i1_PWM_Clear_Execution_Status		CODE           	01F5	0000	2
		__initialization		CODE           	000B	0000	4
		i1_PWM_Get_Execution_Status		CODE           	01F7	0000	2

shared estimated size: 11

C:\Program Files\Microchip\xc8\v2.40\pic\sources\c90\common\Umul32.c
		___lmul        		CODE           	00CA	0000	70

C:\Program Files\Microchip\xc8\v2.40\pic\sources\c90\common\Umul32.c estimated size: 70

main.c
		_ISRs          		CODE           	01D7	0000	8
		_main          		CODE           	0110	0000	37

main.c estimated size: 45

